[12:42:37] [ServerMain/INFO]: [bootstrap] Running Java 25 (OpenJDK 64-Bit Server VM 25.0.4.1+1-LTS; Microsoft Microsoft-14951867) on Windows 11 10.0 (amd64)
[12:42:37] [ServerMain/INFO]: [bootstrap] Loading Paper 26.2-119-main@bb09b43 (2026-08-25T13:58:23Z) for Minecraft 26.2
[12:42:37] [ServerMain/INFO]: [PluginInitializerManager] Initializing plugins...
[12:42:38] [ServerMain/INFO]: [PluginInitializerManager] Initialized 3 plugins
[12:42:38] [ServerMain/INFO]: [PluginInitializerManager] Bukkit plugins (3):
 - FastAsyncWorldEdit (2.15.4+d8666b3), WorldEdit (7.4.5+7590-b8dc4c1), sponge (1.0-SNAPSHOT)
[12:42:41] [DataConverter MCTypeRegistry init thread/INFO]: [ca.spottedleaf.dataconverter.minecraft.datatypes.MCTypeRegistry] Initialising converters for DataConverter...
[12:42:42] [ServerMain/INFO]: Environment: Environment[sessionHost=https://sessionserver.mojang.com, servicesHost=https://api.minecraftservices.com, profilesHost=https://api.mojang.com, name=PROD]
[12:42:42] [DataConverter MCTypeRegistry init thread/INFO]: [ca.spottedleaf.dataconverter.minecraft.datatypes.MCTypeRegistry] Finished initialising converters for DataConverter in 372,2ms
[12:42:43] [ServerMain/INFO]: Loaded 1585 recipes
[12:42:43] [ServerMain/INFO]: Loaded 1688 advancements
[12:42:43] [Server thread/INFO]: Starting minecraft server version 26.2
[12:42:43] [Server thread/INFO]: Loading properties
[12:42:44] [Server thread/INFO]: This server is running Paper version 26.2-119-main@bb09b43 (2026-08-25T13:58:23Z) (Implementing API version 26.2.build.119-stable)
[12:42:44] [Server thread/INFO]: [spark] This server bundles the spark profiler. For more information please visit https://docs.papermc.io/paper/profiling
[12:42:44] [Server thread/INFO]: Server Ping Player Sample Count: 12
[12:42:44] [Server thread/INFO]: Using 4 threads for Netty based IO
[12:42:44] [Server thread/INFO]: [MoonriseCommon] Paper is using 3 worker threads, 1 I/O threads
[12:42:44] [Server thread/INFO]: Default game type: SURVIVAL
[12:42:44] [Server thread/INFO]: Generating keypair
[12:42:44] [Server thread/INFO]: Starting Minecraft server on *:25565
[12:42:44] [Server thread/INFO]: Paper: Using Java compression from Velocity.
[12:42:44] [Server thread/INFO]: Paper: Using Java cipher from Velocity.
[12:42:44] [Server thread/ERROR]: [ModernPluginLoadingStrategy] Ambiguous plugin name 'WorldEdit' for files 'plugins\worldedit-bukkit-7.4.5.jar' and 'plugins\FastAsyncWorldEdit-Paper-2.15.4.jar' in 'plugins'
[12:42:44] [Server thread/ERROR]: [ModernPluginLoadingStrategy] Ambiguous plugin name 'sponge' for files 'C:\Users\chicken\IdeaProjects\untitled\build\run\plugins\Sponge-1.0-SNAPSHOT.jar' and 'plugins\Sponge-1.0-SNAPSHOT.jar' in 'plugins'
[12:42:44] [Server thread/ERROR]: [ModernPluginLoadingStrategy] Could not load plugin 'worldedit-bukkit-7.4.5.jar' in folder 'plugins'
java.lang.IllegalStateException: Provider SpigotPluginProvider{path=plugins\worldedit-bukkit-7.4.5.jar, description=org.bukkit.plugin.PluginDescriptionFile@3134b2db, jarFile=worldedit-bukkit-7.4.5.jar@74b7bc8d, status=null, dependencyContext=null} attempted to add duplicate plugin identifier FastAsyncWorldEdit v2.15.4+d8666b3 THIS WILL CREATE BUGS!!!
	at io.papermc.paper.plugin.storage.ServerPluginProviderStorage$1.applyContext(ServerPluginProviderStorage.java:28) ~[paper-26.2.jar:26.2-119-bb09b43]
	at io.papermc.paper.plugin.entrypoint.strategy.modern.ModernPluginLoadingStrategy.loadProviders(ModernPluginLoadingStrategy.java:113) ~[paper-26.2.jar:26.2-119-bb09b43]
	at io.papermc.paper.plugin.storage.SimpleProviderStorage.enter(SimpleProviderStorage.java:38) ~[paper-26.2.jar:26.2-119-bb09b43]
	at io.papermc.paper.plugin.entrypoint.LaunchEntryPointHandler.enter(LaunchEntryPointHandler.java:39) ~[paper-26.2.jar:26.2-119-bb09b43]
	at org.bukkit.craftbukkit.CraftServer.loadPlugins(CraftServer.java:549) ~[paper-26.2.jar:26.2-119-bb09b43]
	at net.minecraft.server.dedicated.DedicatedServer.initServer(DedicatedServer.java:297) ~[paper-26.2.jar:26.2-119-bb09b43]
	at net.minecraft.server.MinecraftServer.runServer(MinecraftServer.java:1266) ~[paper-26.2.jar:26.2-119-bb09b43]
	at net.minecraft.server.MinecraftServer.lambda$spin$0(MinecraftServer.java:303) ~[paper-26.2.jar:26.2-119-bb09b43]
	at java.base/java.lang.Thread.run(Thread.java:1474) ~[?:?]
[12:42:44] [Server thread/INFO]: [FastAsyncWorldEdit] Loading server plugin FastAsyncWorldEdit v2.15.4+d8666b3
[12:42:45] [Server thread/INFO]: Got request to register class com.sk89q.worldedit.bukkit.BukkitServerInterface with WorldEdit [com.sk89q.worldedit.extension.platform.PlatformManager@2ed73187]
[12:42:45] [Server thread/INFO]: [sponge] Loading server plugin sponge v1.0-SNAPSHOT
[12:42:45] [Server thread/INFO]: [FastAsyncWorldEdit] Enabling FastAsyncWorldEdit v2.15.4+d8666b3
[12:42:45] [Server thread/INFO]: [com.fastasyncworldedit.core.Fawe] LZ4 Compression Binding loaded successfully
[12:42:47] [Server thread/INFO]: [com.fastasyncworldedit.core.Fawe] ZSTD Compression Binding loaded successfully
[12:42:47] [Server thread/INFO]: Registering commands with com.sk89q.worldedit.bukkit.BukkitServerInterface
[12:42:47] [Server thread/INFO]: WEPIF: Using the Bukkit Permissions API.
[12:42:47] [Server thread/INFO]: Using com.sk89q.worldedit.bukkit.adapter.impl.fawe.v26_2.PaperweightFaweAdapter as the Bukkit adapter
[12:42:48] [Server thread/INFO]: Preparing level "world"
[12:42:48] [Server thread/INFO]: Loading 0 persistent chunks for level 'minecraft:overworld'...
[12:42:48] [Server thread/INFO]: Preparing spawn area: 100%
[12:42:48] [Server thread/INFO]: Prepared spawn area in 14 ms
[12:42:48] [Server thread/INFO]: Loading 0 persistent chunks for level 'minecraft:the_nether'...
[12:42:48] [Server thread/INFO]: Prepared spawn area in 13 ms
[12:42:48] [Server thread/INFO]: Loading 0 persistent chunks for level 'minecraft:the_end'...
[12:42:48] [Server thread/INFO]: Prepared spawn area in 14 ms
[12:42:48] [Server thread/INFO]: Done preparing level "world" (0.412s)
[12:42:48] [Server thread/INFO]: [sponge] Enabling sponge v1.0-SNAPSHOT
[12:42:48] [Server thread/INFO]: [sponge] [STDOUT] [Sponge] Plugin Enabled!
[12:42:48] [Server thread/WARN]: Nag author(s): '[]' of 'sponge v1.0-SNAPSHOT' about their usage of System.out/err.print. Please use your plugin's logger instead (JavaPlugin#getLogger).
[12:42:48] [Server thread/INFO]: Loading 0 persistent chunks for level 'minecraft:lobby'...
[12:42:48] [Server thread/INFO]: Prepared spawn area in 3 ms
[12:42:49] [Server thread/INFO]: [spark] Starting background profiler...
[12:42:49] [Server thread/INFO]: [spark] The async-profiler engine is not supported for your os/arch (windows11/amd64), so the built-in Java engine will be used instead.
[12:42:49] [Server thread/INFO]: Saving chunks for level 'ServerLevel[world]'/minecraft:overworld
[12:42:49] [Server thread/INFO]: Saving chunks for level 'ServerLevel[world]'/minecraft:the_nether
[12:42:49] [Server thread/INFO]: Saving chunks for level 'ServerLevel[world]'/minecraft:the_end
[12:42:49] [Server thread/INFO]: Saving chunks for level 'ServerLevel[world]'/minecraft:lobby
[12:42:49] [Server thread/INFO]: ThreadedAnvilChunkStorage (world): All chunks are saved
[12:42:49] [Server thread/INFO]: ThreadedAnvilChunkStorage (DIM-1): All chunks are saved
[12:42:49] [Server thread/INFO]: ThreadedAnvilChunkStorage (DIM1): All chunks are saved
[12:42:49] [Server thread/INFO]: ThreadedAnvilChunkStorage (lobby): All chunks are saved
[12:42:49] [Server thread/INFO]: ThreadedAnvilChunkStorage: All dimensions are saved
[12:42:49] [Server thread/INFO]: Running delayed init tasks
[12:42:49] [Server thread/INFO]: Done (14.954s)! For help, type "help"
[12:42:57] [User Authenticator #0/INFO]: UUID of player ChickenDev is 7007ccc6-d363-49ef-a5fa-31731ee92df5
[12:42:59] [Server thread/INFO]: On my way!
[12:42:59] [Server thread/INFO]: ChickenDev[/127.0.0.1:61085] logged in with entity id 1 at ([minecraft:lobby]64.0, 67.0, 127.0)
